// Jest Snapshot v1, https://goo.gl/fbAQLP

exports[`validations isAnyError function 1`] = `false`;
